// Jest Snapshot v1, https://goo.gl/fbAQLP

exports[`Sort component renders correctly 1`] = `
<div
  className="sort-container"
>
  <button
    className="sort"
    onClick={[Function]}
  >
    <svg
      fill="none"
      height="1em"
      stroke="currentColor"
      strokeLinecap="round"
      strokeLinejoin="round"
      strokeWidth="2"
      style={
        Object {
          "color": undefined,
        }
      }
      viewBox="0 0 24 24"
      width="1em"
      xmlns="http://www.w3.org/2000/svg"
    >
      <path
        d="m3 16 4 4 4-4"
      />
      <path
        d="M7 20V4"
      />
      <path
        d="m21 8-4-4-4 4"
      />
      <path
        d="M17 4v16"
      />
    </svg>
    <span>
      Sort By
    </span>
    <svg
      fill="currentColor"
      height="1em"
      stroke="currentColor"
      strokeWidth="0"
      style={
        Object {
          "color": undefined,
        }
      }
      viewBox="0 0 320 512"
      width="1em"
      xmlns="http://www.w3.org/2000/svg"
    >
      <path
        d="M143 352.3L7 216.3c-9.4-9.4-9.4-24.6 0-33.9l22.6-22.6c9.4-9.4 24.6-9.4 33.9 0l96.4 96.4 96.4-96.4c9.4-9.4 24.6-9.4 33.9 0l22.6 22.6c9.4 9.4 9.4 24.6 0 33.9l-136 136c-9.2 9.4-24.4 9.4-33.8 0z"
      />
    </svg>
  </button>
</div>
`;
